2026-09-21T16:36:02,746 [main] INFO  (AllureReportGeneration.java:44) - test is starting...........
2026-09-21T16:36:06,379 [main] INFO  (RestAssuredListners.java:25) - 
 Method=>POST
 URI=>https://restful-booker.herokuapp.com/booking
 Request body=>{
    "firstname": "Rohan",
    "lastname": "Garud",
    "totalprice": 1000,
    "depositpaid": true,
    "bookingdates": {
        "checkin": "2018-01-01",
        "checkout": "2019-01-01"
    },
    "additionalneeds": "Ambat God"
}
 Responce body=>{
    "bookingid": 2660,
    "booking": {
        "firstname": "Rohan",
        "lastname": "Garud",
        "totalprice": 1000,
        "depositpaid": true,
        "bookingdates": {
            "checkin": "2018-01-01",
            "checkout": "2019-01-01"
        },
        "additionalneeds": "Ambat God"
    }
}
2026-09-21T16:36:08,562 [main] INFO  (RestAssuredListners.java:25) - 
 Method=>GET
 URI=>https://restful-booker.herokuapp.com/booking/2660
 Request body=>null
 Responce body=>{
    "firstname": "Rohan",
    "lastname": "Garud",
    "totalprice": 1000,
    "depositpaid": true,
    "bookingdates": {
        "checkin": "2018-01-01",
        "checkout": "2019-01-01"
    },
    "additionalneeds": "Ambat God"
}
2026-09-21T16:36:15,173 [main] INFO  (AllureReportGeneration.java:208) - test is ending.....
2026-09-21T16:37:52,895 [main] INFO  (EndtoEndApiTest.java:29) - test is starting...........
2026-09-21T16:37:56,205 [main] INFO  (RestAssuredListners.java:25) - 
 Method=>POST
 URI=>https://restful-booker.herokuapp.com/booking
 Request body=>{
    "firstname": "Rohan",
    "lastname": "Garud",
    "totalprice": 1000,
    "depositpaid": true,
    "bookingdates": {
        "checkin": "2018-01-01",
        "checkout": "2019-01-01"
    },
    "additionalneeds": "Ambat God"
}
 Responce body=>{
    "bookingid": 3622,
    "booking": {
        "firstname": "Rohan",
        "lastname": "Garud",
        "totalprice": 1000,
        "depositpaid": true,
        "bookingdates": {
            "checkin": "2018-01-01",
            "checkout": "2019-01-01"
        },
        "additionalneeds": "Ambat God"
    }
}
2026-09-21T16:37:58,297 [main] INFO  (RestAssuredListners.java:25) - 
 Method=>GET
 URI=>https://restful-booker.herokuapp.com/booking/3622
 Request body=>null
 Responce body=>{
    "firstname": "Rohan",
    "lastname": "Garud",
    "totalprice": 1000,
    "depositpaid": true,
    "bookingdates": {
        "checkin": "2018-01-01",
        "checkout": "2019-01-01"
    },
    "additionalneeds": "Ambat God"
}
2026-09-21T16:38:03,245 [main] INFO  (BaseTest.java:33) - java.lang.AssertionError: 1 expectation failed.
JSON path firstname doesn't match.
Expected: Rohan
  Actual: Akshay

	at org.codehaus.groovy.vmplugin.v8.IndyInterface.fromCache(IndyInterface.java:344)
	at io.restassured.internal.ResponseSpecificationImpl$HamcrestAssertionClosure.validate(ResponseSpecificationImpl.groovy:516)
	at org.codehaus.groovy.vmplugin.v8.IndyInterface.fromCache(IndyInterface.java:344)
	at io.restassured.internal.ResponseSpecificationImpl.validateResponseIfRequired(ResponseSpecificationImpl.groovy:714)
	at org.codehaus.groovy.vmplugin.v8.IndyInterface.fromCache(IndyInterface.java:344)
	at io.restassured.internal.ResponseSpecificationImpl.body(ResponseSpecificationImpl.groovy:274)
	at org.codehaus.groovy.vmplugin.v8.IndyInterface.fromCache(IndyInterface.java:344)
	at io.restassured.internal.ResponseSpecificationImpl.body(ResponseSpecificationImpl.groovy:121)
	at io.restassured.internal.ValidatableResponseOptionsImpl.body(ValidatableResponseOptionsImpl.java:244)
	at com.ApAUtomation.EndtoEndApiTest.patchcApiRequest(EndtoEndApiTest.java:162)
	at java.base/jdk.internal.reflect.DirectMethodHandleAccessor.invoke(DirectMethodHandleAccessor.java:103)
	at java.base/java.lang.reflect.Method.invoke(Method.java:580)
	at org.testng.internal.invokers.MethodInvocationHelper.invokeMethod(MethodInvocationHelper.java:141)
	at org.testng.internal.invokers.TestInvoker.invokeMethod(TestInvoker.java:687)
	at org.testng.internal.invokers.TestInvoker.invokeTestMethod(TestInvoker.java:230)
	at org.testng.internal.invokers.MethodRunner.runInSequence(MethodRunner.java:63)
	at org.testng.internal.invokers.TestInvoker$MethodInvocationAgent.invoke(TestInvoker.java:995)
	at org.testng.internal.invokers.TestInvoker.invokeTestMethods(TestInvoker.java:203)
	at org.testng.internal.invokers.TestMethodWorker.invokeTestMethods(TestMethodWorker.java:154)
	at org.testng.internal.invokers.TestMethodWorker.run(TestMethodWorker.java:134)
	at java.base/java.util.ArrayList.forEach(ArrayList.java:1597)
	at org.testng.TestRunner.privateRun(TestRunner.java:741)
	at org.testng.TestRunner.run(TestRunner.java:616)
	at org.testng.SuiteRunner.runTest(SuiteRunner.java:421)
	at org.testng.SuiteRunner.runSequentially(SuiteRunner.java:413)
	at org.testng.SuiteRunner.privateRun(SuiteRunner.java:373)
	at org.testng.SuiteRunner.run(SuiteRunner.java:312)
	at org.testng.SuiteRunnerWorker.runSuite(SuiteRunnerWorker.java:52)
	at org.testng.SuiteRunnerWorker.run(SuiteRunnerWorker.java:95)
	at org.testng.TestNG.runSuitesSequentially(TestNG.java:1274)
	at org.testng.TestNG.runSuitesLocally(TestNG.java:1208)
	at org.testng.TestNG.runSuites(TestNG.java:1112)
	at org.testng.TestNG.run(TestNG.java:1079)
	at org.testng.remote.AbstractRemoteTestNG.run(AbstractRemoteTestNG.java:115)
	at org.testng.remote.RemoteTestNG.initAndRun(RemoteTestNG.java:293)
	at org.testng.remote.RemoteTestNG.main(RemoteTestNG.java:91)

2026-09-21T16:39:41,509 [main] INFO  (EndtoEndApiTest.java:29) - test is starting...........
2026-09-21T16:39:44,535 [main] INFO  (RestAssuredListners.java:25) - 
 Method=>POST
 URI=>https://restful-booker.herokuapp.com/booking
 Request body=>{
    "firstname": "Rohan",
    "lastname": "Garud",
    "totalprice": 1000,
    "depositpaid": true,
    "bookingdates": {
        "checkin": "2018-01-01",
        "checkout": "2019-01-01"
    },
    "additionalneeds": "Ambat God"
}
 Responce body=>{
    "bookingid": 4574,
    "booking": {
        "firstname": "Rohan",
        "lastname": "Garud",
        "totalprice": 1000,
        "depositpaid": true,
        "bookingdates": {
            "checkin": "2018-01-01",
            "checkout": "2019-01-01"
        },
        "additionalneeds": "Ambat God"
    }
}
2026-09-21T16:39:46,623 [main] INFO  (RestAssuredListners.java:25) - 
 Method=>GET
 URI=>https://restful-booker.herokuapp.com/booking/4574
 Request body=>null
 Responce body=>{
    "firstname": "Rohan",
    "lastname": "Garud",
    "totalprice": 1000,
    "depositpaid": true,
    "bookingdates": {
        "checkin": "2018-01-01",
        "checkout": "2019-01-01"
    },
    "additionalneeds": "Ambat God"
}
2026-09-21T16:39:53,377 [main] INFO  (EndtoEndApiTest.java:188) - test is ending.....
2026-09-21T16:40:20,292 [main] INFO  (AllureReportGeneration.java:44) - test is starting...........
2026-09-21T16:40:23,678 [main] INFO  (RestAssuredListners.java:25) - 
 Method=>POST
 URI=>https://restful-booker.herokuapp.com/booking
 Request body=>{
    "firstname": "Rohan",
    "lastname": "Garud",
    "totalprice": 1000,
    "depositpaid": true,
    "bookingdates": {
        "checkin": "2018-01-01",
        "checkout": "2019-01-01"
    },
    "additionalneeds": "Ambat God"
}
 Responce body=>{
    "bookingid": 4924,
    "booking": {
        "firstname": "Rohan",
        "lastname": "Garud",
        "totalprice": 1000,
        "depositpaid": true,
        "bookingdates": {
            "checkin": "2018-01-01",
            "checkout": "2019-01-01"
        },
        "additionalneeds": "Ambat God"
    }
}
2026-09-21T16:40:25,856 [main] INFO  (RestAssuredListners.java:25) - 
 Method=>GET
 URI=>https://restful-booker.herokuapp.com/booking/4924
 Request body=>null
 Responce body=>{
    "firstname": "Rohan",
    "lastname": "Garud",
    "totalprice": 1000,
    "depositpaid": true,
    "bookingdates": {
        "checkin": "2018-01-01",
        "checkout": "2019-01-01"
    },
    "additionalneeds": "Ambat God"
}
2026-09-21T16:40:32,495 [main] INFO  (AllureReportGeneration.java:208) - test is ending.....
2026-09-21T16:45:51,978 [main] INFO  (AllureReportGeneration.java:44) - test is starting...........
2026-09-21T16:45:55,557 [main] INFO  (RestAssuredListners.java:25) - 
 Method=>POST
 URI=>https://restful-booker.herokuapp.com/booking
 Request body=>{
    "firstname": "Rohan",
    "lastname": "Garud",
    "totalprice": 1000,
    "depositpaid": true,
    "bookingdates": {
        "checkin": "2018-01-01",
        "checkout": "2019-01-01"
    },
    "additionalneeds": "Ambat God"
}
 Responce body=>{
    "bookingid": 2727,
    "booking": {
        "firstname": "Rohan",
        "lastname": "Garud",
        "totalprice": 1000,
        "depositpaid": true,
        "bookingdates": {
            "checkin": "2018-01-01",
            "checkout": "2019-01-01"
        },
        "additionalneeds": "Ambat God"
    }
}
2026-09-21T16:45:57,733 [main] INFO  (RestAssuredListners.java:25) - 
 Method=>GET
 URI=>https://restful-booker.herokuapp.com/booking/2727
 Request body=>null
 Responce body=>{
    "firstname": "Rohan",
    "lastname": "Garud",
    "totalprice": 1000,
    "depositpaid": true,
    "bookingdates": {
        "checkin": "2018-01-01",
        "checkout": "2019-01-01"
    },
    "additionalneeds": "Ambat God"
}
2026-09-21T16:46:02,649 [main] INFO  (RestAssuredListners.java:25) - 
 Method=>PATCH
 URI=>https://restful-booker.herokuapp.com/booking/2727
 Request body=>{
    "firstname": "Akshay"
}
 Responce body=>{
    "firstname": "Akshay",
    "lastname": "Selenium C#",
    "totalprice": 111,
    "depositpaid": true,
    "bookingdates": {
        "checkin": "2018-01-01",
        "checkout": "2019-01-01"
    },
    "additionalneeds": "super bowls"
}
2026-09-21T16:46:04,274 [main] INFO  (AllureReportGeneration.java:209) - test is ending.....
2026-09-21T16:47:47,434 [main] INFO  (AllureReportGeneration.java:44) - test is starting...........
2026-09-21T16:47:50,952 [main] INFO  (RestAssuredListners.java:25) - 
 Method=>POST
 URI=>https://restful-booker.herokuapp.com/booking
 Request body=>{
    "firstname": "Rohan",
    "lastname": "Garud",
    "totalprice": 1000,
    "depositpaid": true,
    "bookingdates": {
        "checkin": "2018-01-01",
        "checkout": "2019-01-01"
    },
    "additionalneeds": "Ambat God"
}
 Responce body=>{
    "bookingid": 3740,
    "booking": {
        "firstname": "Rohan",
        "lastname": "Garud",
        "totalprice": 1000,
        "depositpaid": true,
        "bookingdates": {
            "checkin": "2018-01-01",
            "checkout": "2019-01-01"
        },
        "additionalneeds": "Ambat God"
    }
}
2026-09-21T16:47:53,101 [main] INFO  (RestAssuredListners.java:25) - 
 Method=>GET
 URI=>https://restful-booker.herokuapp.com/booking/3740
 Request body=>null
 Responce body=>{
    "firstname": "Rohan",
    "lastname": "Garud",
    "totalprice": 1000,
    "depositpaid": true,
    "bookingdates": {
        "checkin": "2018-01-01",
        "checkout": "2019-01-01"
    },
    "additionalneeds": "Ambat God"
}
2026-09-21T16:47:58,058 [main] INFO  (RestAssuredListners.java:25) - 
 Method=>PATCH
 URI=>https://restful-booker.herokuapp.com/booking/3740
 Request body=>{
    "firstname": "Akshay"
}
 Responce body=>{
    "firstname": "Akshay",
    "lastname": "Selenium C#",
    "totalprice": 111,
    "depositpaid": true,
    "bookingdates": {
        "checkin": "2018-01-01",
        "checkout": "2019-01-01"
    },
    "additionalneeds": "super bowls"
}
2026-09-21T16:47:58,091 [main] INFO  (BaseTest.java:33) - java.lang.AssertionError: 1 expectation failed.
JSON path firstname doesn't match.
Expected: Rohan
  Actual: Akshay

	at org.codehaus.groovy.vmplugin.v8.IndyInterface.fromCache(IndyInterface.java:344)
	at io.restassured.internal.ResponseSpecificationImpl$HamcrestAssertionClosure.validate(ResponseSpecificationImpl.groovy:516)
	at org.codehaus.groovy.vmplugin.v8.IndyInterface.fromCache(IndyInterface.java:344)
	at io.restassured.internal.ResponseSpecificationImpl.validateResponseIfRequired(ResponseSpecificationImpl.groovy:714)
	at org.codehaus.groovy.vmplugin.v8.IndyInterface.fromCache(IndyInterface.java:344)
	at io.restassured.internal.ResponseSpecificationImpl.body(ResponseSpecificationImpl.groovy:274)
	at org.codehaus.groovy.vmplugin.v8.IndyInterface.fromCache(IndyInterface.java:344)
	at io.restassured.internal.ResponseSpecificationImpl.body(ResponseSpecificationImpl.groovy:121)
	at io.restassured.internal.ValidatableResponseOptionsImpl.body(ValidatableResponseOptionsImpl.java:244)
	at com.ApAUtomation.AllureReportGeneration.patchcApiRequest(AllureReportGeneration.java:183)
	at java.base/jdk.internal.reflect.DirectMethodHandleAccessor.invoke(DirectMethodHandleAccessor.java:103)
	at java.base/java.lang.reflect.Method.invoke(Method.java:580)
	at org.testng.internal.invokers.MethodInvocationHelper.invokeMethod(MethodInvocationHelper.java:141)
	at org.testng.internal.invokers.TestInvoker.invokeMethod(TestInvoker.java:687)
	at org.testng.internal.invokers.TestInvoker.invokeTestMethod(TestInvoker.java:230)
	at org.testng.internal.invokers.MethodRunner.runInSequence(MethodRunner.java:63)
	at org.testng.internal.invokers.TestInvoker$MethodInvocationAgent.invoke(TestInvoker.java:995)
	at org.testng.internal.invokers.TestInvoker.invokeTestMethods(TestInvoker.java:203)
	at org.testng.internal.invokers.TestMethodWorker.invokeTestMethods(TestMethodWorker.java:154)
	at org.testng.internal.invokers.TestMethodWorker.run(TestMethodWorker.java:134)
	at java.base/java.util.ArrayList.forEach(ArrayList.java:1597)
	at org.testng.TestRunner.privateRun(TestRunner.java:741)
	at org.testng.TestRunner.run(TestRunner.java:616)
	at org.testng.SuiteRunner.runTest(SuiteRunner.java:421)
	at org.testng.SuiteRunner.runSequentially(SuiteRunner.java:413)
	at org.testng.SuiteRunner.privateRun(SuiteRunner.java:373)
	at org.testng.SuiteRunner.run(SuiteRunner.java:312)
	at org.testng.SuiteRunnerWorker.runSuite(SuiteRunnerWorker.java:52)
	at org.testng.SuiteRunnerWorker.run(SuiteRunnerWorker.java:95)
	at org.testng.TestNG.runSuitesSequentially(TestNG.java:1274)
	at org.testng.TestNG.runSuitesLocally(TestNG.java:1208)
	at org.testng.TestNG.runSuites(TestNG.java:1112)
	at org.testng.TestNG.run(TestNG.java:1079)
	at org.testng.remote.AbstractRemoteTestNG.run(AbstractRemoteTestNG.java:115)
	at org.testng.remote.RemoteTestNG.initAndRun(RemoteTestNG.java:293)
	at org.testng.remote.RemoteTestNG.main(RemoteTestNG.java:91)

2026-09-21T16:49:05,716 [main] INFO  (EndtoEndApiTest.java:29) - test is starting...........
2026-09-21T16:49:08,977 [main] INFO  (RestAssuredListners.java:25) - 
 Method=>POST
 URI=>https://restful-booker.herokuapp.com/booking
 Request body=>{
    "firstname": "Rohan",
    "lastname": "Garud",
    "totalprice": 1000,
    "depositpaid": true,
    "bookingdates": {
        "checkin": "2018-01-01",
        "checkout": "2019-01-01"
    },
    "additionalneeds": "Ambat God"
}
 Responce body=>{
    "bookingid": 4441,
    "booking": {
        "firstname": "Rohan",
        "lastname": "Garud",
        "totalprice": 1000,
        "depositpaid": true,
        "bookingdates": {
            "checkin": "2018-01-01",
            "checkout": "2019-01-01"
        },
        "additionalneeds": "Ambat God"
    }
}
2026-09-21T16:49:11,067 [main] INFO  (RestAssuredListners.java:25) - 
 Method=>GET
 URI=>https://restful-booker.herokuapp.com/booking/4441
 Request body=>null
 Responce body=>{
    "firstname": "Rohan",
    "lastname": "Garud",
    "totalprice": 1000,
    "depositpaid": true,
    "bookingdates": {
        "checkin": "2018-01-01",
        "checkout": "2019-01-01"
    },
    "additionalneeds": "Ambat God"
}
2026-09-21T16:49:17,812 [main] INFO  (EndtoEndApiTest.java:188) - test is ending.....
2026-09-21T16:52:26,744 [main] INFO  (AllureReportGeneration.java:44) - test is starting...........
2026-09-21T16:52:30,198 [main] INFO  (RestAssuredListners.java:25) - 
 Method=>POST
 URI=>https://restful-booker.herokuapp.com/booking
 Request body=>{
    "firstname": "Rohan",
    "lastname": "Garud",
    "totalprice": 1000,
    "depositpaid": true,
    "bookingdates": {
        "checkin": "2018-01-01",
        "checkout": "2019-01-01"
    },
    "additionalneeds": "Ambat God"
}
 Responce body=>{
    "bookingid": 978,
    "booking": {
        "firstname": "Rohan",
        "lastname": "Garud",
        "totalprice": 1000,
        "depositpaid": true,
        "bookingdates": {
            "checkin": "2018-01-01",
            "checkout": "2019-01-01"
        },
        "additionalneeds": "Ambat God"
    }
}
2026-09-21T16:52:32,419 [main] INFO  (RestAssuredListners.java:25) - 
 Method=>GET
 URI=>https://restful-booker.herokuapp.com/booking/978
 Request body=>null
 Responce body=>{
    "firstname": "Rohan",
    "lastname": "Garud",
    "totalprice": 1000,
    "depositpaid": true,
    "bookingdates": {
        "checkin": "2018-01-01",
        "checkout": "2019-01-01"
    },
    "additionalneeds": "Ambat God"
}
2026-09-21T16:52:37,358 [main] INFO  (RestAssuredListners.java:25) - 
 Method=>PATCH
 URI=>https://restful-booker.herokuapp.com/booking/978
 Request body=>{
    "firstname": "Akshay"
}
 Responce body=>{
    "firstname": "Akshay",
    "lastname": "Selenium C#",
    "totalprice": 111,
    "depositpaid": true,
    "bookingdates": {
        "checkin": "2018-01-01",
        "checkout": "2019-01-01"
    },
    "additionalneeds": "super bowls"
}
2026-09-21T16:52:38,872 [main] INFO  (AllureReportGeneration.java:209) - test is ending.....
